Archive member included to satisfy reference by file (symbol)

/usr/lib/gcc/arm-none-eabi/13.2.1/../../../arm-none-eabi/lib/thumb/v8-m.base/nofp/libc_nano.a(libc_a-init.o)
                              /usr/lib/gcc/arm-none-eabi/13.2.1/../../../arm-none-eabi/lib/thumb/v8-m.base/nofp/crt0.o (__libc_init_array)
/usr/lib/gcc/arm-none-eabi/13.2.1/../../../arm-none-eabi/lib/thumb/v8-m.base/nofp/libc_nano.a(libc_a-memset.o)
                              /usr/lib/gcc/arm-none-eabi/13.2.1/../../../arm-none-eabi/lib/thumb/v8-m.base/nofp/crt0.o (memset)
/usr/lib/gcc/arm-none-eabi/13.2.1/../../../arm-none-eabi/lib/thumb/v8-m.base/nofp/libc_nano.a(libc_a-reent.o)
                              CMakeFiles/gd32e23x_gcc_template.elf.dir/GD32E23x_Firmware_Library_V2.5.0/Firmware/CMSIS/GD/GD32E23x/Source/GCC/newlib/syscalls.c.obj (errno)
/usr/lib/gcc/arm-none-eabi/13.2.1/../../../arm-none-eabi/lib/thumb/v8-m.base/nofp/libc_nano.a(libc_a-exit.o)
                              /usr/lib/gcc/arm-none-eabi/13.2.1/../../../arm-none-eabi/lib/thumb/v8-m.base/nofp/crt0.o (exit)
/usr/lib/gcc/arm-none-eabi/13.2.1/../../../arm-none-eabi/lib/thumb/v8-m.base/nofp/libc_nano.a(libc_a-atexit.o)
                              /usr/lib/gcc/arm-none-eabi/13.2.1/../../../arm-none-eabi/lib/thumb/v8-m.base/nofp/crt0.o (atexit)
/usr/lib/gcc/arm-none-eabi/13.2.1/../../../arm-none-eabi/lib/thumb/v8-m.base/nofp/libc_nano.a(libc_a-fini.o)
                              /usr/lib/gcc/arm-none-eabi/13.2.1/../../../arm-none-eabi/lib/thumb/v8-m.base/nofp/crt0.o (__libc_fini_array)
/usr/lib/gcc/arm-none-eabi/13.2.1/../../../arm-none-eabi/lib/thumb/v8-m.base/nofp/libc_nano.a(libc_a-impure.o)
                              /usr/lib/gcc/arm-none-eabi/13.2.1/../../../arm-none-eabi/lib/thumb/v8-m.base/nofp/libc_nano.a(libc_a-reent.o) (_impure_ptr)
/usr/lib/gcc/arm-none-eabi/13.2.1/../../../arm-none-eabi/lib/thumb/v8-m.base/nofp/libc_nano.a(libc_a-findfp.o)
                              /usr/lib/gcc/arm-none-eabi/13.2.1/../../../arm-none-eabi/lib/thumb/v8-m.base/nofp/libc_nano.a(libc_a-exit.o) (__stdio_exit_handler)
/usr/lib/gcc/arm-none-eabi/13.2.1/../../../arm-none-eabi/lib/thumb/v8-m.base/nofp/libc_nano.a(libc_a-fflush.o)
                              /usr/lib/gcc/arm-none-eabi/13.2.1/../../../arm-none-eabi/lib/thumb/v8-m.base/nofp/libc_nano.a(libc_a-findfp.o) (_fflush_r)
/usr/lib/gcc/arm-none-eabi/13.2.1/../../../arm-none-eabi/lib/thumb/v8-m.base/nofp/libc_nano.a(libc_a-mallocr.o)
                              /usr/lib/gcc/arm-none-eabi/13.2.1/../../../arm-none-eabi/lib/thumb/v8-m.base/nofp/libc_nano.a(libc_a-findfp.o) (_malloc_r)
/usr/lib/gcc/arm-none-eabi/13.2.1/../../../arm-none-eabi/lib/thumb/v8-m.base/nofp/libc_nano.a(libc_a-freer.o)
                              /usr/lib/gcc/arm-none-eabi/13.2.1/../../../arm-none-eabi/lib/thumb/v8-m.base/nofp/libc_nano.a(libc_a-reent.o) (_free_r)
/usr/lib/gcc/arm-none-eabi/13.2.1/../../../arm-none-eabi/lib/thumb/v8-m.base/nofp/libc_nano.a(libc_a-fwalk.o)
                              /usr/lib/gcc/arm-none-eabi/13.2.1/../../../arm-none-eabi/lib/thumb/v8-m.base/nofp/libc_nano.a(libc_a-findfp.o) (_fwalk_sglue)
/usr/lib/gcc/arm-none-eabi/13.2.1/../../../arm-none-eabi/lib/thumb/v8-m.base/nofp/libc_nano.a(libc_a-__atexit.o)
                              /usr/lib/gcc/arm-none-eabi/13.2.1/../../../arm-none-eabi/lib/thumb/v8-m.base/nofp/libc_nano.a(libc_a-atexit.o) (__register_exitproc)
/usr/lib/gcc/arm-none-eabi/13.2.1/../../../arm-none-eabi/lib/thumb/v8-m.base/nofp/libc_nano.a(libc_a-mlock.o)
                              /usr/lib/gcc/arm-none-eabi/13.2.1/../../../arm-none-eabi/lib/thumb/v8-m.base/nofp/libc_nano.a(libc_a-mallocr.o) (__malloc_lock)
/usr/lib/gcc/arm-none-eabi/13.2.1/../../../arm-none-eabi/lib/thumb/v8-m.base/nofp/libc_nano.a(libc_a-sbrkr.o)
                              /usr/lib/gcc/arm-none-eabi/13.2.1/../../../arm-none-eabi/lib/thumb/v8-m.base/nofp/libc_nano.a(libc_a-mallocr.o) (_sbrk_r)
/usr/lib/gcc/arm-none-eabi/13.2.1/../../../arm-none-eabi/lib/thumb/v8-m.base/nofp/libc_nano.a(libc_a-stdio.o)
                              /usr/lib/gcc/arm-none-eabi/13.2.1/../../../arm-none-eabi/lib/thumb/v8-m.base/nofp/libc_nano.a(libc_a-findfp.o) (__sread)
/usr/lib/gcc/arm-none-eabi/13.2.1/../../../arm-none-eabi/lib/thumb/v8-m.base/nofp/libc_nano.a(libc_a-closer.o)
                              /usr/lib/gcc/arm-none-eabi/13.2.1/../../../arm-none-eabi/lib/thumb/v8-m.base/nofp/libc_nano.a(libc_a-stdio.o) (_close_r)
/usr/lib/gcc/arm-none-eabi/13.2.1/../../../arm-none-eabi/lib/thumb/v8-m.base/nofp/libc_nano.a(libc_a-__call_atexit.o)
                              /usr/lib/gcc/arm-none-eabi/13.2.1/../../../arm-none-eabi/lib/thumb/v8-m.base/nofp/libc_nano.a(libc_a-__atexit.o) (__call_exitprocs)
/usr/lib/gcc/arm-none-eabi/13.2.1/../../../arm-none-eabi/lib/thumb/v8-m.base/nofp/libc_nano.a(libc_a-readr.o)
[...]
Memory Configuration

Name             Origin             Length             Attributes
FLASH            0x08000000         0x00010000         xr
RAM              0x20000000         0x00002000         xrw
*default*        0x00000000         0xffffffff

Linker script and memory map

LOAD /usr/lib/gcc/arm-none-eabi/13.2.1/thumb/v8-m.base/nofp/crti.o
LOAD /usr/lib/gcc/arm-none-eabi/13.2.1/thumb/v8-m.base/nofp/crtbegin.o
LOAD /usr/lib/gcc/arm-none-eabi/13.2.1/../../../arm-none-eabi/lib/thumb/v8-m.base/nofp/crt0.o
LOAD CMakeFiles/gd32e23x_gcc_template.elf.dir/app/main.c.obj
LOAD CMakeFiles/gd32e23x_gcc_template.elf.dir/app/systick.c.obj
LOAD CMakeFiles/gd32e23x_gcc_template.elf.dir/app/gd32e23x_it.c.obj
LOAD CMakeFiles/gd32e23x_gcc_template.elf.dir/GD32E23x_Firmware_Library_V2.5.0/Firmware/CMSIS/GD/GD32E23x/Source/system_gd32e23x.c.obj
LOAD CMakeFiles/gd32e23x_gcc_template.elf.dir/GD32E23x_Firmware_Library_V2.5.0/Firmware/CMSIS/GD/GD32E23x/Source/GCC/startup_gd32e23x.S.obj
LOAD CMakeFiles/gd32e23x_gcc_template.elf.dir/GD32E23x_Firmware_Library_V2.5.0/Firmware/CMSIS/GD/GD32E23x/Source/GCC/newlib/syscalls.c.obj
LOAD CMakeFiles/gd32e23x_gcc_template.elf.dir/GD32E23x_Firmware_Library_V2.5.0/Firmware/GD32E23x_standard_peripheral/Source/gd32e23x_adc.c.obj
LOAD CMakeFiles/gd32e23x_gcc_template.elf.dir/GD32E23x_Firmware_Library_V2.5.0/Firmware/GD32E23x_standard_peripheral/Source/gd32e23x_dma.c.obj
LOAD CMakeFiles/gd32e23x_gcc_template.elf.dir/GD32E23x_Firmware_Library_V2.5.0/Firmware/GD32E23x_standard_peripheral/Source/gd32e23x_gpio.c.obj
LOAD CMakeFiles/gd32e23x_gcc_template.elf.dir/GD32E23x_Firmware_Library_V2.5.0/Firmware/GD32E23x_standard_peripheral/Source/gd32e23x_rcu.c.obj
LOAD CMakeFiles/gd32e23x_gcc_template.elf.dir/GD32E23x_Firmware_Library_V2.5.0/Firmware/GD32E23x_standard_peripheral/Source/gd32e23x_timer.c.obj
LOAD CMakeFiles/gd32e23x_gcc_template.elf.dir/GD32E23x_Firmware_Library_V2.5.0/Firmware/GD32E23x_standard_peripheral/Source/gd32e23x_usart.c.obj
LOAD CMakeFiles/gd32e23x_gcc_template.elf.dir/GD32E23x_Firmware_Library_V2.5.0/Firmware/GD32E23x_standard_peripheral/Source/gd32e23x_misc.c.obj
LOAD CMakeFiles/gd32e23x_gcc_template.elf.dir/GD32E23x_Firmware_Library_V2.5.0/Firmware/GD32E23x_standard_peripheral/Source/gd32e23x_exti.c.obj
LOAD CMakeFiles/gd32e23x_gcc_template.elf.dir/GD32E23x_Firmware_Library_V2.5.0/Firmware/GD32E23x_standard_peripheral/Source/gd32e23x_fmc.c.obj
LOAD CMakeFiles/gd32e23x_gcc_template.elf.dir/GD32E23x_Firmware_Library_V2.5.0/Firmware/GD32E23x_standard_peripheral/Source/gd32e23x_syscfg.c.obj
LOAD CMakeFiles/gd32e23x_gcc_template.elf.dir/GD32E23x_Firmware_Library_V2.5.0/Firmware/GD32E23x_standard_peripheral/Source/gd32e23x_pmu.c.obj
LOAD CMakeFiles/gd32e23x_gcc_template.elf.dir/GD32E23x_Firmware_Library_V2.5.0/Utilities/gd32e230c_eval.c.obj
START GROUP
LOAD /usr/lib/gcc/arm-none-eabi/13.2.1/thumb/v8-m.base/nofp/libgcc.a
LOAD /usr/lib/gcc/arm-none-eabi/13.2.1/../../../arm-none-eabi/lib/thumb/v8-m.base/nofp/libc_nano.a
END GROUP
START GROUP
LOAD /usr/lib/gcc/arm-none-eabi/13.2.1/thumb/v8-m.base/nofp/libgcc.a
LOAD /usr/lib/gcc/arm-none-eabi/13.2.1/../../../arm-none-eabi/lib/thumb/v8-m.base/nofp/libc_nano.a
LOAD /usr/lib/gcc/arm-none-eabi/13.2.1/../../../arm-none-eabi/lib/thumb/v8-m.base/nofp/libnosys.a
END GROUP
START GROUP
LOAD /usr/lib/gcc/arm-none-eabi/13.2.1/thumb/v8-m.base/nofp/libgcc.a
LOAD /usr/lib/gcc/arm-none-eabi/13.2.1/../../../arm-none-eabi/lib/thumb/v8-m.base/nofp/libc_nano.a
LOAD /usr/lib/gcc/arm-none-eabi/13.2.1/../../../arm-none-eabi/lib/thumb/v8-m.base/nofp/libnosys.a
END GROUP
LOAD /usr/lib/gcc/arm-none-eabi/13.2.1/thumb/v8-m.base/nofp/crtend.o
LOAD /usr/lib/gcc/arm-none-eabi/13.2.1/thumb/v8-m.base/nofp/crtn.o
                0x00000800                        __stack_size = DEFINED (__stack_size)?__stack_size:0x800
                0x00000400                        __heap_size = DEFINED (__heap_size)?__heap_size:0x400

.vectors        0x08000000       0xcc
                0x08000000                        . = ALIGN (0x4)
 *(.vectors)
 .vectors       0x08000000       0xcc CMakeFiles/gd32e23x_gcc_template.elf.dir/GD32E23x_Firmware_Library_V2.5.0/Firmware/CMSIS/GD/GD32E23x/Source/GCC/startup_gd32e23x.S.obj
                0x08000000                __gVectors
                0x080000cc                        . = ALIGN (0x4)
                0x080000cc                        __Vectors_End = .
                0x080000cc                        __Vectors_Size = (__Vectors_End - __gVectors)

.text           0x080000cc     0x1fc4
                0x080000cc                        . = ALIGN (0x4)
 *(.text)
 .text          0x080000cc       0xa8 /usr/lib/gcc/arm-none-eabi/13.2.1/thumb/v8-m.base/nofp/crtbegin.o
 .text          0x08000174       0x50 /usr/lib/gcc/arm-none-eabi/13.2.1/../../../arm-none-eabi/lib/thumb/v8-m.base/nofp/libc_nano.a(libc_a-init.o)
                0x08000174                __libc_init_array
 *(.text*)
 .text.main     0x080001c4       0x6e CMakeFiles/gd32e23x_gcc_template.elf.dir/app/main.c.obj
                0x080001c4                main
 .text.process_adc_logic
                0x08000232       0xaa CMakeFiles/gd32e23x_gcc_template.elf.dir/app/main.c.obj
                0x08000232                process_adc_logic
 .text.__NVIC_SetPriority
                0x080002dc       0xee CMakeFiles/gd32e23x_gcc_template.elf.dir/app/systick.c.obj
 .text.SysTick_Config
                0x080003ca       0x54 CMakeFiles/gd32e23x_gcc_template.elf.dir/app/systick.c.obj
 .text.delay_decrement
                0x0800041e       0x2c CMakeFiles/gd32e23x_gcc_template.elf.dir/app/systick.c.obj
                0x0800041e                delay_decrement
 .text.systick_config
                0x0800044a       0x26 CMakeFiles/gd32e23x_gcc_template.elf.dir/app/systick.c.obj
                0x0800044a                systick_config
 .text.delay_1ms
                0x08000470       0x2e CMakeFiles/gd32e23x_gcc_template.elf.dir/app/systick.c.obj
                0x08000470                delay_1ms
 .text.NMI_Handler
                0x0800049e        0xa CMakeFiles/gd32e23x_gcc_template.elf.dir/app/gd32e23x_it.c.obj
                0x0800049e                NMI_Handler
 .text.SysTick_Handler
                0x080004a8        0xe CMakeFiles/gd32e23x_gcc_template.elf.dir/app/gd32e23x_it.c.obj
                0x080004a8                SysTick_Handler
 .text.ADC_CMP_IRQHandler
                0x080004b6        0xa CMakeFiles/gd32e23x_gcc_template.elf.dir/app/gd32e23x_it.c.obj
                0x080004b6                ADC_CMP_IRQHandler
 .text.DMA_Channel0_IRQHandler
                0x080004c0       0x2a CMakeFiles/gd32e23x_gcc_template.elf.dir/app/gd32e23x_it.c.obj
                0x080004c0                DMA_Channel0_IRQHandler
 .text.HardFault_Handler
                0x080004ea        0x8 CMakeFiles/gd32e23x_gcc_template.elf.dir/app/gd32e23x_it.c.obj
                0x080004ea                HardFault_Handler
 .text._soft_delay_
                0x080004f2       0x30 CMakeFiles/gd32e23x_gcc_template.elf.dir/GD32E23x_Firmware_Library_V2.5.0/Firmware/CMSIS/GD/GD32E23x/Source/system_gd32e23x.c.obj
 *fill*         0x08000522        0x2 
 .text.SystemInit
                0x08000524      0x1d4 CMakeFiles/gd32e23x_gcc_template.elf.dir/GD32E23x_Firmware_Library_V2.5.0/Firmware/CMSIS/GD/GD32E23x/Source/system_gd32e23x.c.obj
                0x08000524                SystemInit
 .text.system_clock_config
                0x080006f8        0xe CMakeFiles/gd32e23x_gcc_template.elf.dir/GD32E23x_Firmware_Library_V2.5.0/Firmware/CMSIS/GD/GD32E23x/Source/system_gd32e23x.c.obj
 .text.system_clock_72m_irc8m
                0x08000706      0x1da CMakeFiles/gd32e23x_gcc_template.elf.dir/GD32E23x_Firmware_Library_V2.5.0/Firmware/CMSIS/GD/GD32E23x/Source/system_gd32e23x.c.obj
 .text.SystemCoreClockUpdate
                0x080008e0      0x182 CMakeFiles/gd32e23x_gcc_template.elf.dir/GD32E23x_Firmware_Library_V2.5.0/Firmware/CMSIS/GD/GD32E23x/Source/system_gd32e23x.c.obj
                0x080008e0                SystemCoreClockUpdate
 *fill*         0x08000a62        0x2 
 .text.Reset_Handler
                0x08000a64       0x50 CMakeFiles/gd32e23x_gcc_template.elf.dir/GD32E23x_Firmware_Library_V2.5.0/Firmware/CMSIS/GD/GD32E23x/Source/GCC/startup_gd32e23x.S.obj
                0x08000a64                Reset_Handler
 .text.Default_Handler
                0x08000ab4        0x2 CMakeFiles/gd32e23x_gcc_template.elf.dir/GD32E23x_Firmware_Library_V2.5.0/Firmware/CMSIS/GD/GD32E23x/Source/GCC/startup_gd32e23x.S.obj
                0x08000ab4                TIMER2_IRQHandler
                0x08000ab4                TIMER5_IRQHandler
                0x08000ab4                LVD_IRQHandler
                0x08000ab4                TIMER15_IRQHandler
                0x08000ab4                PendSV_Handler
                0x08000ab4                I2C0_EV_IRQHandler
                0x08000ab4                SPI1_IRQHandler
                0x08000ab4                TAMPER_IRQHandler
                0x08000ab4                DMA_Channel3_4_IRQHandler
                0x08000ab4                TIMER14_IRQHandler
                0x08000ab4                TIMER16_IRQHandler
                0x08000ab4                EXTI2_3_IRQHandler
                0x08000ab4                I2C0_ER_IRQHandler
                0x08000ab4                RTC_IRQHandler
                0x08000ab4                USART0_IRQHandler
                0x08000ab4                TIMER13_IRQHandler
                0x08000ab4                I2C1_EV_IRQHandler
                0x08000ab4                EXTI4_15_IRQHandler
                0x08000ab4                Default_Handler
                0x08000ab4                WWDGT_IRQHandler
                0x08000ab4                TIMER0_BRK_UP_TRG_COM_IRQHandler
                0x08000ab4                EXTI0_1_IRQHandler
                0x08000ab4                SVC_Handler
                0x08000ab4                DMA_Channel1_2_IRQHandler
                0x08000ab4                RCU_IRQHandler
                0x08000ab4                TIMER0_Channel_IRQHandler
                0x08000ab4                SPI0_IRQHandler
                0x08000ab4                USART1_IRQHandler
                0x08000ab4                I2C1_ER_IRQHandler
                0x08000ab4                FMC_IRQHandler
 .text.adc_enable
                0x08000ab6       0x32 CMakeFiles/gd32e23x_gcc_template.elf.dir/GD32E23x_Firmware_Library_V2.5.0/Firmware/GD32E23x_standard_peripheral/Source/gd32e23x_adc.c.obj
                0x08000ab6                adc_enable
 .text.adc_calibration_enable
                0x08000ae8       0x64 CMakeFiles/gd32e23x_gcc_template.elf.dir/GD32E23x_Firmware_Library_V2.5.0/Firmware/GD32E23x_standard_peripheral/Source/gd32e23x_adc.c.obj
                0x08000ae8                adc_calibration_enable
 .text.adc_dma_mode_enable
                0x08000b4c       0x24 CMakeFiles/gd32e23x_gcc_template.elf.dir/GD32E23x_Firmware_Library_V2.5.0/Firmware/GD32E23x_standard_peripheral/Source/gd32e23x_adc.c.obj
                0x08000b4c                adc_dma_mode_enable
 .text.adc_special_function_config
                0x08000b70       0xf4 CMakeFiles/gd32e23x_gcc_template.elf.dir/GD32E23x_Firmware_Library_V2.5.0/Firmware/GD32E23x_standard_peripheral/Source/gd32e23x_adc.c.obj
                0x08000b70                adc_special_function_config
 .text.adc_data_alignment_config
                0x08000c64       0x4c CMakeFiles/gd32e23x_gcc_template.elf.dir/GD32E23x_Firmware_Library_V2.5.0/Firmware/GD32E23x_standard_peripheral/Source/gd32e23x_adc.c.obj
                0x08000c64                adc_data_alignment_config
 .text.adc_channel_length_config
                0x08000cb0       0xa4 CMakeFiles/gd32e23x_gcc_template.elf.dir/GD32E23x_Firmware_Library_V2.5.0/Firmware/GD32E23x_standard_peripheral/Source/gd32e23x_adc.c.obj
                0x08000cb0                adc_channel_length_config
 .text.adc_regular_channel_config
                0x08000d54      0x1ba CMakeFiles/gd32e23x_gcc_template.elf.dir/GD32E23x_Firmware_Library_V2.5.0/Firmware/GD32E23x_standard_peripheral/Source/gd32e23x_adc.c.obj
                0x08000d54                adc_regular_channel_config
 *fill*         0x08000f0e        0x2 
 .text.adc_external_trigger_config
                0x08000f10       0xb8 CMakeFiles/gd32e23x_gcc_template.elf.dir/GD32E23x_Firmware_Library_V2.5.0/Firmware/GD32E23x_standard_peripheral/Source/gd32e23x_adc.c.obj
                0x08000f10                adc_external_trigger_config
 .text.adc_external_trigger_source_config
                0x08000fc8       0x90 CMakeFiles/gd32e23x_gcc_template.elf.dir/GD32E23x_Firmware_Library_V2.5.0/Firmware/GD32E23x_standard_peripheral/Source/gd32e23x_adc.c.obj
                0x08000fc8                adc_external_trigger_source_config
 .text.adc_software_trigger_enable
                0x08001058       0x5c CMakeFiles/gd32e23x_gcc_template.elf.dir/GD32E23x_Firmware_Library_V2.5.0/Firmware/GD32E23x_standard_peripheral/Source/gd32e23x_adc.c.obj
                0x08001058                adc_software_trigger_enable
 .text.dma_deinit
                0x080010b4       0xce CMakeFiles/gd32e23x_gcc_template.elf.dir/GD32E23x_Firmware_Library_V2.5.0/Firmware/GD32E23x_standard_peripheral/Source/gd32e23x_dma.c.obj
                0x080010b4                dma_deinit
 *fill*         0x08001182        0x2 
 .text.dma_init
                0x08001184      0x22c CMakeFiles/gd32e23x_gcc_template.elf.dir/GD32E23x_Firmware_Library_V2.5.0/Firmware/GD32E23x_standard_peripheral/Source/gd32e23x_dma.c.obj
                0x08001184                dma_init
 .text.dma_circulation_enable
                0x080013b0       0x48 CMakeFiles/gd32e23x_gcc_template.elf.dir/GD32E23x_Firmware_Library_V2.5.0/Firmware/GD32E23x_standard_peripheral/Source/gd32e23x_dma.c.obj
                0x080013b0                dma_circulation_enable
 .text.dma_channel_enable
                0x080013f8       0x48 CMakeFiles/gd32e23x_gcc_template.elf.dir/GD32E23x_Firmware_Library_V2.5.0/Firmware/GD32E23x_standard_peripheral/Source/gd32e23x_dma.c.obj
                0x080013f8                dma_channel_enable
 .text.dma_channel_disable
                0x08001440       0x4a CMakeFiles/gd32e23x_gcc_template.elf.dir/GD32E23x_Firmware_Library_V2.5.0/Firmware/GD32E23x_standard_peripheral/Source/gd32e23x_dma.c.obj
                0x08001440                dma_channel_disable
 .text.dma_interrupt_flag_get
                0x0800148a      0x102 CMakeFiles/gd32e23x_gcc_template.elf.dir/GD32E23x_Firmware_Library_V2.5.0/Firmware/GD32E23x_standard_peripheral/Source/gd32e23x_dma.c.obj
                0x0800148a                dma_interrupt_flag_get
 .text.dma_interrupt_flag_clear
                0x0800158c       0x32 CMakeFiles/gd32e23x_gcc_template.elf.dir/GD32E23x_Firmware_Library_V2.5.0/Firmware/GD32E23x_standard_peripheral/Source/gd32e23x_dma.c.obj
                0x0800158c                dma_interrupt_flag_clear
 .text.dma_interrupt_enable
                0x080015be       0x4a CMakeFiles/gd32e23x_gcc_template.elf.dir/GD32E23x_Firmware_Library_V2.5.0/Firmware/GD32E23x_standard_peripheral/Source/gd32e23x_dma.c.obj
                0x080015be                dma_interrupt_enable
 .text.gpio_mode_set
                0x08001608       0xb0 CMakeFiles/gd32e23x_gcc_template.elf.dir/GD32E23x_Firmware_Library_V2.5.0/Firmware/GD32E23x_standard_peripheral/Source/gd32e23x_gpio.c.obj
                0x08001608                gpio_mode_set
 .text.gpio_output_options_set
                0x080016b8       0xb0 CMakeFiles/gd32e23x_gcc_template.elf.dir/GD32E23x_Firmware_Library_V2.5.0/Firmware/GD32E23x_standard_peripheral/Source/gd32e23x_gpio.c.obj
                0x080016b8                gpio_output_options_set
 .text.rcu_periph_clock_enable
                0x08001768       0x4a CMakeFiles/gd32e23x_gcc_template.elf.dir/GD32E23x_Firmware_Library_V2.5.0/Firmware/GD32E23x_standard_peripheral/Source/gd32e23x_rcu.c.obj
                0x08001768                rcu_periph_clock_enable
 *fill*         0x080017b2        0x2 
 .text.rcu_adc_clock_config
                0x080017b4      0x2e4 CMakeFiles/gd32e23x_gcc_template.elf.dir/GD32E23x_Firmware_Library_V2.5.0/Firmware/GD32E23x_standard_peripheral/Source/gd32e23x_rcu.c.obj
                0x080017b4                rcu_adc_clock_config
 .text.__NVIC_EnableIRQ
                0x08001a98       0x42 CMakeFiles/gd32e23x_gcc_template.elf.dir/GD32E23x_Firmware_Library_V2.5.0/Firmware/GD32E23x_standard_peripheral/Source/gd32e23x_misc.c.obj
 .text.__NVIC_SetPriority
                0x08001ada       0xee CMakeFiles/gd32e23x_gcc_template.elf.dir/GD32E23x_Firmware_Library_V2.5.0/Firmware/GD32E23x_standard_peripheral/Source/gd32e23x_misc.c.obj
 .text.nvic_irq_enable
                0x08001bc8       0x38 CMakeFiles/gd32e23x_gcc_template.elf.dir/GD32E23x_Firmware_Library_V2.5.0/Firmware/GD32E23x_standard_peripheral/Source/gd32e23x_misc.c.obj
                0x08001bc8                nvic_irq_enable
 .text.nvic_vector_table_set
                0x08001c00       0x34 CMakeFiles/gd32e23x_gcc_template.elf.dir/GD32E23x_Firmware_Library_V2.5.0/Firmware/GD32E23x_standard_peripheral/Source/gd32e23x_misc.c.obj
                0x08001c00                nvic_vector_table_set
 .text.gd_eval_adc_get_value
                0x08001c34       0x30 CMakeFiles/gd32e23x_gcc_template.elf.dir/GD32E23x_Firmware_Library_V2.5.0/Utilities/gd32e230c_eval.c.obj
                0x08001c34                gd_eval_adc_get_value
 .text.gd_eval_led_init
                0x08001c64       0xdc CMakeFiles/gd32e23x_gcc_template.elf.dir/GD32E23x_Firmware_Library_V2.5.0/Utilities/gd32e230c_eval.c.obj
                0x08001c64                gd_eval_led_init
 .text.gd_eval_adc_init_multi_channel
                0x08001d40       0xba CMakeFiles/gd32e23x_gcc_template.elf.dir/GD32E23x_Firmware_Library_V2.5.0/Utilities/gd32e230c_eval.c.obj
                0x08001d40                gd_eval_adc_init_multi_channel
 .text.gd_eval_voltage_ok_init
                0x08001dfa      0x11c CMakeFiles/gd32e23x_gcc_template.elf.dir/GD32E23x_Firmware_Library_V2.5.0/Utilities/gd32e230c_eval.c.obj
                0x08001dfa                gd_eval_voltage_ok_init
 .text.gd_eval_voltage_ok_on
                0x08001f16       0x4a CMakeFiles/gd32e23x_gcc_template.elf.dir/GD32E23x_Firmware_Library_V2.5.0/Utilities/gd32e230c_eval.c.obj
                0x08001f16                gd_eval_voltage_ok_on
 .text.gd_eval_voltage_ok_off
                0x08001f60       0x4a CMakeFiles/gd32e23x_gcc_template.elf.dir/GD32E23x_Firmware_Library_V2.5.0/Utilities/gd32e230c_eval.c.obj
                0x08001f60                gd_eval_voltage_ok_off
 .text.gd_eval_dma_init
                0x08001faa       0x8e CMakeFiles/gd32e23x_gcc_template.elf.dir/GD32E23x_Firmware_Library_V2.5.0/Utilities/gd32e230c_eval.c.obj
 .text.gd_eval_adc_default_config
                0x08002038       0x40 CMakeFiles/gd32e23x_gcc_template.elf.dir/GD32E23x_Firmware_Library_V2.5.0/Utilities/gd32e230c_eval.c.obj
 *(.glue_7)
 .glue_7        0x08002078        0x0 linker stubs
 *(.glue_7t)
 .glue_7t       0x08002078        0x0 linker stubs
 *(.eh_frame)
 .eh_frame      0x08002078        0x0 /usr/lib/gcc/arm-none-eabi/13.2.1/thumb/v8-m.base/nofp/crtbegin.o
 *(.init)
 .init          0x08002078        0x4 /usr/lib/gcc/arm-none-eabi/13.2.1/thumb/v8-m.base/nofp/crti.o
                0x08002078                _init
 .init          0x0800207c        0x8 /usr/lib/gcc/arm-none-eabi/13.2.1/thumb/v8-m.base/nofp/crtn.o
 *(.fini)
 .fini          0x08002084        0x4 /usr/lib/gcc/arm-none-eabi/13.2.1/thumb/v8-m.base/nofp/crti.o
                0x08002084                _fini
 .fini          0x08002088        0x8 /usr/lib/gcc/arm-none-eabi/13.2.1/thumb/v8-m.base/nofp/crtn.o
                0x08002090                        . = ALIGN (0x4)
                0x08002090                        _etext = .

.vfp11_veneer   0x08002090        0x0
 .vfp11_veneer  0x08002090        0x0 linker stubs

.v4_bx          0x08002090        0x0
 .v4_bx         0x08002090        0x0 linker stubs

.iplt           0x08002090        0x0
 .iplt          0x08002090        0x0 /usr/lib/gcc/arm-none-eabi/13.2.1/thumb/v8-m.base/nofp/crtbegin.o

.rodata         0x08002090       0xfc
                0x08002090                        . = ALIGN (0x4)
 *(.rodata)
 .rodata        0x08002090        0xd CMakeFiles/gd32e23x_gcc_template.elf.dir/app/main.c.obj
 *fill*         0x0800209d        0x3 
 .rodata        0x080020a0       0x10 CMakeFiles/gd32e23x_gcc_template.elf.dir/GD32E23x_Firmware_Library_V2.5.0/Firmware/CMSIS/GD/GD32E23x/Source/system_gd32e23x.c.obj
 *(.rodata*)
 .rodata.rcu_adc_clock_config
                0x080020b0       0x28 CMakeFiles/gd32e23x_gcc_template.elf.dir/GD32E23x_Firmware_Library_V2.5.0/Firmware/GD32E23x_standard_peripheral/Source/gd32e23x_rcu.c.obj
 .rodata.LED_GPIO_PIN_INFO
                0x080020d8       0x18 CMakeFiles/gd32e23x_gcc_template.elf.dir/GD32E23x_Firmware_Library_V2.5.0/Utilities/gd32e230c_eval.c.obj
 .rodata.VOLTAGE_OK_PIN_INFO
                0x080020f0       0x3c CMakeFiles/gd32e23x_gcc_template.elf.dir/GD32E23x_Firmware_Library_V2.5.0/Utilities/gd32e230c_eval.c.obj
 .rodata.ADC_PIN_INFO
                0x0800212c       0x60 CMakeFiles/gd32e23x_gcc_template.elf.dir/GD32E23x_Firmware_Library_V2.5.0/Utilities/gd32e230c_eval.c.obj
                0x0800218c                        . = ALIGN (0x4)

.rel.dyn        0x0800218c        0x0
 .rel.iplt      0x0800218c        0x0 /usr/lib/gcc/arm-none-eabi/13.2.1/thumb/v8-m.base/nofp/crtbegin.o

.ARM.extab
 *(.ARM.extab* .gnu.linkonce.armextab.*)

.ARM            0x0800218c        0x0
                0x0800218c                        __exidx_start = .
 *(.ARM.exidx*)
                0x0800218c                        __exidx_end = .

.ARM.attributes
                0x0800218c       0x2c
 *(.ARM.attributes)
 .ARM.attributes
                0x0800218c       0x22 /usr/lib/gcc/arm-none-eabi/13.2.1/thumb/v8-m.base/nofp/crti.o
 .ARM.attributes
                0x080021ae       0x30 /usr/lib/gcc/arm-none-eabi/13.2.1/thumb/v8-m.base/nofp/crtbegin.o
 .ARM.attributes
                0x080021de       0x30 CMakeFiles/gd32e23x_gcc_template.elf.dir/app/main.c.obj
 .ARM.attributes
                0x0800220e       0x30 CMakeFiles/gd32e23x_gcc_template.elf.dir/app/systick.c.obj
 .ARM.attributes
                0x0800223e       0x30 CMakeFiles/gd32e23x_gcc_template.elf.dir/app/gd32e23x_it.c.obj
 .ARM.attributes
                0x0800226e       0x30 CMakeFiles/gd32e23x_gcc_template.elf.dir/GD32E23x_Firmware_Library_V2.5.0/Firmware/CMSIS/GD/GD32E23x/Source/system_gd32e23x.c.obj
 .ARM.attributes
                0x0800229e       0x22 CMakeFiles/gd32e23x_gcc_template.elf.dir/GD32E23x_Firmware_Library_V2.5.0/Firmware/CMSIS/GD/GD32E23x/Source/GCC/startup_gd32e23x.S.obj
 .ARM.attributes
                0x080022c0       0x30 CMakeFiles/gd32e23x_gcc_template.elf.dir/GD32E23x_Firmware_Library_V2.5.0/Firmware/GD32E23x_standard_peripheral/Source/gd32e23x_adc.c.obj
 .ARM.attributes
                0x080022f0       0x30 CMakeFiles/gd32e23x_gcc_template.elf.dir/GD32E23x_Firmware_Library_V2.5.0/Firmware/GD32E23x_standard_peripheral/Source/gd32e23x_dma.c.obj
 .ARM.attributes
                0x08002320       0x30 CMakeFiles/gd32e23x_gcc_template.elf.dir/GD32E23x_Firmware_Library_V2.5.0/Firmware/GD32E23x_standard_peripheral/Source/gd32e23x_gpio.c.obj
 .ARM.attributes
                0x08002350       0x30 CMakeFiles/gd32e23x_gcc_template.elf.dir/GD32E23x_Firmware_Library_V2.5.0/Firmware/GD32E23x_standard_peripheral/Source/gd32e23x_rcu.c.obj
 .ARM.attributes
                0x08002380       0x30 CMakeFiles/gd32e23x_gcc_template.elf.dir/GD32E23x_Firmware_Library_V2.5.0/Firmware/GD32E23x_standard_peripheral/Source/gd32e23x_misc.c.obj
 .ARM.attributes
                0x080023b0       0x30 CMakeFiles/gd32e23x_gcc_template.elf.dir/GD32E23x_Firmware_Library_V2.5.0/Utilities/gd32e230c_eval.c.obj
 .ARM.attributes
                0x080023e0       0x30 /usr/lib/gcc/arm-none-eabi/13.2.1/../../../arm-none-eabi/lib/thumb/v8-m.base/nofp/libc_nano.a(libc_a-init.o)
 .ARM.attributes
                0x08002410       0x30 /usr/lib/gcc/arm-none-eabi/13.2.1/thumb/v8-m.base/nofp/crtend.o
 .ARM.attributes
                0x08002440       0x22 /usr/lib/gcc/arm-none-eabi/13.2.1/thumb/v8-m.base/nofp/crtn.o

.preinit_array  0x0800218c        0x0
                0x0800218c                        PROVIDE (__preinit_array_start = .)
 *(.preinit_array*)
                0x0800218c                        PROVIDE (__preinit_array_end = .)

.init_array     0x0800218c        0x4
                0x0800218c                        PROVIDE (__init_array_start = .)
 *(SORT_BY_NAME(.init_array.*))
 *(.init_array*)
 .init_array    0x0800218c        0x4 /usr/lib/gcc/arm-none-eabi/13.2.1/thumb/v8-m.base/nofp/crtbegin.o
                0x08002190                        PROVIDE (__init_array_end = .)

.fini_array     0x08002190        0x4
                0x08002190                        PROVIDE (__fini_array_start = .)
 *(.fini_array*)
 .fini_array    0x08002190        0x4 /usr/lib/gcc/arm-none-eabi/13.2.1/thumb/v8-m.base/nofp/crtbegin.o
 *(SORT_BY_NAME(.fini_array.*))
                0x08002194                        PROVIDE (__fini_array_end = .)
                0x08002194                        _sidata = LOADADDR (.data)

.data           0x20000000        0x4 load address 0x08002194
                0x20000000                        . = ALIGN (0x4)
                0x20000000                        _sdata = .
 *(.data)
 *(.data*)
 .data.SystemCoreClock
                0x20000000        0x4 CMakeFiles/gd32e23x_gcc_template.elf.dir/GD32E23x_Firmware_Library_V2.5.0/Firmware/CMSIS/GD/GD32E23x/Source/system_gd32e23x.c.obj
                0x20000000                SystemCoreClock
                0x20000004                        . = ALIGN (0x4)
                0x20000004                        _edata = .

.tm_clone_table
                0x20000004        0x0 load address 0x08002198
 .tm_clone_table
                0x20000004        0x0 /usr/lib/gcc/arm-none-eabi/13.2.1/thumb/v8-m.base/nofp/crtbegin.o
 .tm_clone_table
                0x20000004        0x0 /usr/lib/gcc/arm-none-eabi/13.2.1/thumb/v8-m.base/nofp/crtend.o

.igot.plt       0x20000004        0x0 load address 0x08002198
 .igot.plt      0x20000004        0x0 /usr/lib/gcc/arm-none-eabi/13.2.1/thumb/v8-m.base/nofp/crtbegin.o
                0x20000004                        . = ALIGN (0x4)

.bss            0x20000004       0x34 load address 0x08002198
                0x20000004                        . = ALIGN (0x4)
                0x20000004                        _sbss = .
                0x20000004                        __bss_start__ = _sbss
 *(.bss)
 .bss           0x20000004       0x1c /usr/lib/gcc/arm-none-eabi/13.2.1/thumb/v8-m.base/nofp/crtbegin.o
 *(.bss*)
 .bss.delay_count
                0x20000020        0x4 CMakeFiles/gd32e23x_gcc_template.elf.dir/app/systick.c.obj
 .bss.adc_data_ready_flag
                0x20000024        0x1 CMakeFiles/gd32e23x_gcc_template.elf.dir/app/gd32e23x_it.c.obj
                0x20000024                adc_data_ready_flag
 *fill*         0x20000025        0x3 
 .bss.adc_value
                0x20000028       0x10 CMakeFiles/gd32e23x_gcc_template.elf.dir/GD32E23x_Firmware_Library_V2.5.0/Utilities/gd32e230c_eval.c.obj
 *(COMMON)
                0x20000038                        . = ALIGN (0x4)
                0x20000038                        _ebss = .
                0x20000038                        __bss_end__ = _ebss

.heap_stack     0x20000038      0xc00 load address 0x08002198
                0x20000038                        . = ALIGN (0x8)
                [!provide]                        PROVIDE (end = _ebss)
                0x20000038                        PROVIDE (_end = _ebss)
                0x20000438                        . = (. + __heap_size)
 *fill*         0x20000038      0x400 
                0x20000438                        PROVIDE (_heap_end = .)
                0x20000c38                        . = (. + __stack_size)
 *fill*         0x20000438      0x800 
                0x20000c38                        PROVIDE (_sp = .)
                0x20000c38                        . = ALIGN (0x8)
START GROUP
LOAD /usr/lib/gcc/arm-none-eabi/13.2.1/thumb/v8-m.base/nofp/libgcc.a
LOAD /usr/lib/gcc/arm-none-eabi/13.2.1/../../../arm-none-eabi/lib/thumb/v8-m.base/nofp/libc.a
LOAD /usr/lib/gcc/arm-none-eabi/13.2.1/../../../arm-none-eabi/lib/thumb/v8-m.base/nofp/libm.a
LOAD /usr/lib/gcc/arm-none-eabi/13.2.1/../../../arm-none-eabi/lib/thumb/v8-m.base/nofp/libnosys.a
END GROUP
OUTPUT(gd32e23x_gcc_template.elf elf32-littlearm)
LOAD linker stubs

.comment        0x00000000       0x26
 .comment       0x00000000       0x26 /usr/lib/gcc/arm-none-eabi/13.2.1/thumb/v8-m.base/nofp/crtbegin.o
                                 0x27 (size before relaxing)
 .comment       0x00000026       0x27 CMakeFiles/gd32e23x_gcc_template.elf.dir/app/main.c.obj
 .comment       0x00000026       0x27 CMakeFiles/gd32e23x_gcc_template.elf.dir/app/systick.c.obj
 .comment       0x00000026       0x27 CMakeFiles/gd32e23x_gcc_template.elf.dir/app/gd32e23x_it.c.obj
 .comment       0x00000026       0x27 CMakeFiles/gd32e23x_gcc_template.elf.dir/GD32E23x_Firmware_Library_V2.5.0/Firmware/CMSIS/GD/GD32E23x/Source/system_gd32e23x.c.obj
 .comment       0x00000026       0x27 CMakeFiles/gd32e23x_gcc_template.elf.dir/GD32E23x_Firmware_Library_V2.5.0/Firmware/GD32E23x_standard_peripheral/Source/gd32e23x_adc.c.obj
 .comment       0x00000026       0x27 CMakeFiles/gd32e23x_gcc_template.elf.dir/GD32E23x_Firmware_Library_V2.5.0/Firmware/GD32E23x_standard_peripheral/Source/gd32e23x_dma.c.obj
 .comment       0x00000026       0x27 CMakeFiles/gd32e23x_gcc_template.elf.dir/GD32E23x_Firmware_Library_V2.5.0/Firmware/GD32E23x_standard_peripheral/Source/gd32e23x_gpio.c.obj
 .comment       0x00000026       0x27 CMakeFiles/gd32e23x_gcc_template.elf.dir/GD32E23x_Firmware_Library_V2.5.0/Firmware/GD32E23x_standard_peripheral/Source/gd32e23x_rcu.c.obj
 .comment       0x00000026       0x27 CMakeFiles/gd32e23x_gcc_template.elf.dir/GD32E23x_Firmware_Library_V2.5.0/Firmware/GD32E23x_standard_peripheral/Source/gd32e23x_misc.c.obj
 .comment       0x00000026       0x27 CMakeFiles/gd32e23x_gcc_template.elf.dir/GD32E23x_Firmware_Library_V2.5.0/Utilities/gd32e230c_eval.c.obj
 .comment       0x00000026       0x27 /usr/lib/gcc/arm-none-eabi/13.2.1/../../../arm-none-eabi/lib/thumb/v8-m.base/nofp/libc_nano.a(libc_a-init.o)
 .comment       0x00000026       0x27 /usr/lib/gcc/arm-none-eabi/13.2.1/thumb/v8-m.base/nofp/crtend.o

.debug_info     0x00000000      0x10b
 .debug_info    0x00000000      0x10b /usr/lib/gcc/arm-none-eabi/13.2.1/../../../arm-none-eabi/lib/thumb/v8-m.base/nofp/libc_nano.a(libc_a-init.o)

.debug_abbrev   0x00000000       0xc9
 .debug_abbrev  0x00000000       0xc9 /usr/lib/gcc/arm-none-eabi/13.2.1/../../../arm-none-eabi/lib/thumb/v8-m.base/nofp/libc_nano.a(libc_a-init.o)

.debug_loclists
                0x00000000       0x5a
 .debug_loclists
                0x00000000       0x5a /usr/lib/gcc/arm-none-eabi/13.2.1/../../../arm-none-eabi/lib/thumb/v8-m.base/nofp/libc_nano.a(libc_a-init.o)

.debug_aranges  0x00000000       0x20
 .debug_aranges
                0x00000000       0x20 /usr/lib/gcc/arm-none-eabi/13.2.1/../../../arm-none-eabi/lib/thumb/v8-m.base/nofp/libc_nano.a(libc_a-init.o)

.debug_line     0x00000000      0x105
 .debug_line    0x00000000      0x105 /usr/lib/gcc/arm-none-eabi/13.2.1/../../../arm-none-eabi/lib/thumb/v8-m.base/nofp/libc_nano.a(libc_a-init.o)

.debug_str      0x00000000      0x1c3
 .debug_str     0x00000000      0x1c3 /usr/lib/gcc/arm-none-eabi/13.2.1/../../../arm-none-eabi/lib/thumb/v8-m.base/nofp/libc_nano.a(libc_a-init.o)
                                0x1fc (size before relaxing)

.debug_frame    0x00000000       0x2c
 .debug_frame   0x00000000       0x2c /usr/lib/gcc/arm-none-eabi/13.2.1/../../../arm-none-eabi/lib/thumb/v8-m.base/nofp/libc_nano.a(libc_a-init.o)
